  LetExp [pos='2:1' _typeDefinition='null']
    TypesDec [pos='8:1']
      TypeDec [pos='4:1' name='intlist']
        RecordType [pos='4:16']
          Field [pos='4:17' _typeDefinition='null' name='hd' type='int']
          Field [pos='4:26' _typeDefinition='null' name='tl' type='intlist']
      TypeDec [pos='7:1' name='tree']
        RecordType [pos='7:12']
          Field [pos='7:13' _typeDefinition='null' name='key' type='int']
          Field [pos='7:23' _typeDefinition='null' name='children' type='treelist']
      TypeDec [pos='8:1' name='treelist']
        RecordType [pos='8:17']
          Field [pos='8:18' _typeDefinition='null' name='hd' type='tree']
          Field [pos='8:28' _typeDefinition='null' name='tl' type='treelist']
    VarDec [pos='10:5' _typeDefinition='null' _forVariable='null' _depth='0' _access='null' _escapes='false' name='lis' type='intlist']
      RecordExp [pos='10:20' _typeDefinition='null' type='intlist']
        ExpField [pos='10:30' name='hd']
          IntegerExp [pos='10:33' _typeDefinition='null' value='0']
        ExpField [pos='10:36' name='tl']
          NilExp [pos='10:40' _typeDefinition='null']
    SeqExp [pos='13:2' _typeDefinition='null']
      SimpleVar [pos='13:2' _typeDefinition='null' _declaration='null' _depth='0' name='lis']
