  LetExp [pos='3:1' _typeDefinition='null']
    VarDec [pos='4:6' _typeDefinition='null' _forVariable='null' _depth='0' _access='null' _escapes='false' name='a' type='null']
      IntegerExp [pos='4:10' _typeDefinition='null' value='0']
    SeqExp [pos='6:2' _typeDefinition='null']
      ForExp [pos='6:2' _typeDefinition='null']
        IntegerExp [pos='6:14' _typeDefinition='null' value='100']
        VarDec [pos='6:6' _typeDefinition='null' _forVariable='null' _depth='0' _access='null' _escapes='false' name='i' type='null']
          IntegerExp [pos='6:9' _typeDefinition='null' value='0']
        SeqExp [pos='0:0' _typeDefinition='null']
          AssignExp [pos='6:23' _typeDefinition='null']
            SimpleVar [pos='6:22' _typeDefinition='null' _declaration='null' _depth='0' name='a']
            OpExp [pos='6:26' _typeDefinition='null' op='+']
              SimpleVar [pos='6:25' _typeDefinition='null' _declaration='null' _depth='0' name='a']
              IntegerExp [pos='6:27' _typeDefinition='null' value='1']
          SeqExp [pos='0:0' _typeDefinition='null']
