  LetExp [pos='5:1' _typeDefinition='null']
    FuncsDec [pos='6:2']
      FuncDec [pos='6:2' _label='_L2g' _resultTypeDefinition='null' _depth='0' name='g' result='int']
        VarDec [pos='6:13' _typeDefinition='null' _forVariable='null' _depth='0' _access='null' _escapes='false' name='a' type='int']
        SimpleVar [pos='6:26' _typeDefinition='null' _declaration='null' _depth='0' name='a']
    TypesDec [pos='7:2']
      TypeDec [pos='7:2' name='t']
        NameType [pos='7:11' _typeDefinition='null' type='int']
    FuncsDec [pos='8:2']
      FuncDec [pos='8:2' _label='_L4g' _resultTypeDefinition='null' _depth='0' name='g' result='int']
        VarDec [pos='8:13' _typeDefinition='null' _forVariable='null' _depth='0' _access='null' _escapes='false' name='a' type='int']
        SimpleVar [pos='8:26' _typeDefinition='null' _declaration='null' _depth='0' name='a']
    SeqExp [pos='10:2' _typeDefinition='null']
      IntegerExp [pos='10:2' _typeDefinition='null' value='0']
