  LetExp [pos='3:1' _typeDefinition='null']
    TypesDec [pos='5:2']
      TypeDec [pos='4:2' name='arrtype1']
        ArrayType [pos='4:18' _typeDefinition='null' type='int']
      TypeDec [pos='5:2' name='arrtype2']
        ArrayType [pos='5:18' _typeDefinition='null' type='int']
    VarDec [pos='7:6' _typeDefinition='null' _forVariable='null' _depth='0' _access='null' _escapes='false' name='arr1' type='arrtype1']
      ArrayExp [pos='7:24' _typeDefinition='null' type='arrtype2']
        IntegerExp [pos='7:34' _typeDefinition='null' value='10']
        IntegerExp [pos='7:41' _typeDefinition='null' value='0']
    SeqExp [pos='9:2' _typeDefinition='null']
      SimpleVar [pos='9:2' _typeDefinition='null' _declaration='null' _depth='0' name='arr1']
