  LetExp [pos='2:1' _typeDefinition='null']
    TypesDec [pos='4:2']
      TypeDec [pos='4:2' name='rectype']
        RecordType [pos='4:17']
          Field [pos='4:18' _typeDefinition='null' name='name' type='string']
          Field [pos='4:31' _typeDefinition='null' name='id' type='int']
    VarDec [pos='5:6' _typeDefinition='null' _forVariable='null' _depth='0' _access='null' _escapes='false' name='b' type='rectype']
      NilExp [pos='5:19' _typeDefinition='null']
    SeqExp [pos='9:4' _typeDefinition='null']
      AssignExp [pos='9:4' _typeDefinition='null']
        SimpleVar [pos='9:2' _typeDefinition='null' _declaration='null' _depth='0' name='b']
        NilExp [pos='9:7' _typeDefinition='null']
