  ForExp [pos='2:1' _typeDefinition='null']
    StringExp [pos='2:16' _typeDefinition='null' value=' ']
    VarDec [pos='2:5' _typeDefinition='null' _forVariable='null' _depth='0' _access='null' _escapes='false' name='i' type='null']
      IntegerExp [pos='2:8' _typeDefinition='null' value='10']
    AssignExp [pos='3:4' _typeDefinition='null']
      SimpleVar [pos='3:2' _typeDefinition='null' _declaration='null' _depth='0' name='i']
      OpExp [pos='3:9' _typeDefinition='null' op='-']
        SimpleVar [pos='3:7' _typeDefinition='null' _declaration='null' _depth='0' name='i']
        IntegerExp [pos='3:11' _typeDefinition='null' value='1']
