  LetExp [pos='3:1' _typeDefinition='null']
    TypesDec [pos='5:2']
      TypeDec [pos='4:2' name='rectype1']
        RecordType [pos='4:18']
          Field [pos='4:19' _typeDefinition='null' name='name' type='string']
          Field [pos='4:33' _typeDefinition='null' name='id' type='int']
      TypeDec [pos='5:2' name='rectype2']
        RecordType [pos='5:18']
          Field [pos='5:19' _typeDefinition='null' name='name' type='string']
          Field [pos='5:33' _typeDefinition='null' name='id' type='int']
    VarDec [pos='7:6' _typeDefinition='null' _forVariable='null' _depth='0' _access='null' _escapes='false' name='rec1' type='rectype1']
      RecordExp [pos='7:24' _typeDefinition='null' type='rectype2']
        ExpField [pos='7:34' name='name']
          StringExp [pos='7:44' _typeDefinition='null' value='Name']
        ExpField [pos='7:47' name='id']
          IntegerExp [pos='7:50' _typeDefinition='null' value='0']
    SeqExp [pos='9:2' _typeDefinition='null']
      SimpleVar [pos='9:2' _typeDefinition='null' _declaration='null' _depth='0' name='rec1']
