  LetExp [pos='2:1' _typeDefinition='null']
    FuncsDec [pos='7:1']
      FuncDec [pos='4:1' _label='_L2do_nothing1' _resultTypeDefinition='null' _depth='0' name='do_nothing1' result='int']
        VarDec [pos='4:22' _typeDefinition='null' _forVariable='null' _depth='0' _access='null' _escapes='false' name='a' type='int']
        VarDec [pos='4:30' _typeDefinition='null' _forVariable='null' _depth='0' _access='null' _escapes='false' name='b' type='string']
        SeqExp [pos='5:21' _typeDefinition='null']
          CallExp [pos='5:4' _typeDefinition='null' _declaration='null' _depth='0' func='do_nothing2']
            OpExp [pos='5:17' _typeDefinition='null' op='+']
              SimpleVar [pos='5:16' _typeDefinition='null' _declaration='null' _depth='0' name='a']
              IntegerExp [pos='5:18' _typeDefinition='null' value='1']
          IntegerExp [pos='5:21' _typeDefinition='null' value='0']
      FuncDec [pos='7:1' _label='_L4do_nothing2' _resultTypeDefinition='null' _depth='0' name='do_nothing2' result='string']
        VarDec [pos='7:22' _typeDefinition='null' _forVariable='null' _depth='0' _access='null' _escapes='false' name='d' type='int']
        SeqExp [pos='8:28' _typeDefinition='null']
          CallExp [pos='8:4' _typeDefinition='null' _declaration='null' _depth='0' func='do_nothing1']
            SimpleVar [pos='8:16' _typeDefinition='null' _declaration='null' _depth='0' name='a']
            StringExp [pos='8:23' _typeDefinition='null' value='str']
          StringExp [pos='8:28' _typeDefinition='null' value=' ']
    SeqExp [pos='11:2' _typeDefinition='null']
      CallExp [pos='11:2' _typeDefinition='null' _declaration='null' _depth='0' func='do_nothing1']
        IntegerExp [pos='11:14' _typeDefinition='null' value='0']
        StringExp [pos='11:22' _typeDefinition='null' value='str2']
