  WhileExp [pos='3:1' _typeDefinition='null']
    OpExp [pos='3:10' _typeDefinition='null' op='>']
      IntegerExp [pos='3:7' _typeDefinition='null' value='10']
      IntegerExp [pos='3:12' _typeDefinition='null' value='5']
    SeqExp [pos='0:0' _typeDefinition='null']
      OpExp [pos='3:19' _typeDefinition='null' op='+']
        SimpleVar [pos='3:18' _typeDefinition='null' _declaration='null' _depth='0' name='i']
        IntegerExp [pos='3:20' _typeDefinition='null' value='1']
      SeqExp [pos='0:0' _typeDefinition='null']
