  LetExp [pos='3:1' _typeDefinition='null']
    TypesDec [pos='4:2']
      TypeDec [pos='4:2' name='arrayty']
        ArrayType [pos='4:17' _typeDefinition='null' type='int']
    VarDec [pos='6:6' _typeDefinition='null' _forVariable='null' _depth='0' _access='null' _escapes='false' name='a' type='null']
      ArrayExp [pos='6:11' _typeDefinition='null' type='arrayty']
        IntegerExp [pos='6:20' _typeDefinition='null' value='10']
        StringExp [pos='6:29' _typeDefinition='null' value=' ']
    SeqExp [pos='8:2' _typeDefinition='null']
      IntegerExp [pos='8:2' _typeDefinition='null' value='0']
