  LetExp [pos='2:1' _typeDefinition='null']
    TypesDec [pos='3:2']
      TypeDec [pos='3:2' name='arrtype']
        ArrayType [pos='3:18' _typeDefinition='null' type='int']
    VarDec [pos='4:6' _typeDefinition='null' _forVariable='null' _depth='0' _access='null' _escapes='false' name='arr1' type='arrtype']
      ArrayExp [pos='4:22' _typeDefinition='null' type='arrtype']
        IntegerExp [pos='4:31' _typeDefinition='null' value='10']
        IntegerExp [pos='4:38' _typeDefinition='null' value='0']
    SeqExp [pos='6:2' _typeDefinition='null']
      SimpleVar [pos='6:2' _typeDefinition='null' _declaration='null' _depth='0' name='arr1']
