  LetExp [pos='2:1' _typeDefinition='null']
    TypesDec [pos='3:2']
      TypeDec [pos='3:2' name='a']
        NameType [pos='3:11' _typeDefinition='null' type='int']
    SeqExp [pos='5:2' _typeDefinition='null']
      LetExp [pos='5:2' _typeDefinition='null']
        TypesDec [pos='6:3']
          TypeDec [pos='6:3' name='a']
            NameType [pos='6:12' _typeDefinition='null' type='string']
        SeqExp [pos='8:3' _typeDefinition='null']
          IntegerExp [pos='8:3' _typeDefinition='null' value='0']
