  LetExp [pos='4:1' _typeDefinition='null']
    FuncsDec [pos='6:2']
      FuncDec [pos='5:2' _label='_L2g' _resultTypeDefinition='null' _depth='0' name='g' result='int']
        VarDec [pos='5:13' _typeDefinition='null' _forVariable='null' _depth='0' _access='null' _escapes='false' name='a' type='int']
        SimpleVar [pos='5:26' _typeDefinition='null' _declaration='null' _depth='0' name='a']
      FuncDec [pos='6:2' _label='_L4g' _resultTypeDefinition='null' _depth='0' name='g' result='int']
        VarDec [pos='6:13' _typeDefinition='null' _forVariable='null' _depth='0' _access='null' _escapes='false' name='a' type='int']
        SimpleVar [pos='6:26' _typeDefinition='null' _declaration='null' _depth='0' name='a']
    SeqExp [pos='8:2' _typeDefinition='null']
      IntegerExp [pos='8:2' _typeDefinition='null' value='0']
