  LetExp [pos='2:1' _typeDefinition='null']
    VarDec [pos='3:6' _typeDefinition='null' _forVariable='null' _depth='0' _access='null' _escapes='false' name='a' type='int']
      StringExp [pos='3:17' _typeDefinition='null' value=' ']
    SeqExp [pos='5:2' _typeDefinition='null']
      SimpleVar [pos='5:2' _typeDefinition='null' _declaration='null' _depth='0' name='a']
