  LetExp [pos='2:1' _typeDefinition='null']
    TypesDec [pos='7:1']
      TypeDec [pos='4:1' name='a']
        NameType [pos='4:8' _typeDefinition='null' type='c']
      TypeDec [pos='5:1' name='b']
        NameType [pos='5:8' _typeDefinition='null' type='a']
      TypeDec [pos='6:1' name='c']
        NameType [pos='6:8' _typeDefinition='null' type='d']
      TypeDec [pos='7:1' name='d']
        NameType [pos='7:8' _typeDefinition='null' type='a']
    SeqExp [pos='10:3' _typeDefinition='null']
      StringExp [pos='10:3' _typeDefinition='null' value='']
