  LetExp [pos='2:1' _typeDefinition='null']
    FuncsDec [pos='5:1']
      FuncDec [pos='5:1' _label='_L2nfactor' _resultTypeDefinition='null' _depth='0' name='nfactor' result='null']
        VarDec [pos='5:18' _typeDefinition='null' _forVariable='null' _depth='0' _access='null' _escapes='false' name='n' type='int']
        IfExp [pos='6:3' _typeDefinition='null']
          OpExp [pos='6:9' _typeDefinition='null' op='=']
            SimpleVar [pos='6:7' _typeDefinition='null' _declaration='null' _depth='0' name='n']
            IntegerExp [pos='6:11' _typeDefinition='null' value='0']
          IntegerExp [pos='7:9' _typeDefinition='null' value='1']
          OpExp [pos='8:11' _typeDefinition='null' op='*']
            SimpleVar [pos='8:9' _typeDefinition='null' _declaration='null' _depth='0' name='n']
            CallExp [pos='8:13' _typeDefinition='null' _declaration='null' _depth='0' func='nfactor']
              OpExp [pos='8:22' _typeDefinition='null' op='-']
                SimpleVar [pos='8:21' _typeDefinition='null' _declaration='null' _depth='0' name='n']
                IntegerExp [pos='8:23' _typeDefinition='null' value='1']
    SeqExp [pos='11:2' _typeDefinition='null']
      CallExp [pos='11:2' _typeDefinition='null' _declaration='null' _depth='0' func='nfactor']
        IntegerExp [pos='11:10' _typeDefinition='null' value='10']
