  LetExp [pos='3:1' _typeDefinition='null']
    TypesDec [pos='6:2']
      TypeDec [pos='5:2' name='arrtype']
        ArrayType [pos='5:17' _typeDefinition='null' type='int']
      TypeDec [pos='6:2' name='rectype']
        RecordType [pos='6:17']
          Field [pos='6:18' _typeDefinition='null' name='name' type='string']
          Field [pos='6:31' _typeDefinition='null' name='id' type='int']
    VarDec [pos='8:6' _typeDefinition='null' _forVariable='null' _depth='0' _access='null' _escapes='false' name='rec' type='null']
      RecordExp [pos='8:13' _typeDefinition='null' type='rectype']
        ExpField [pos='8:22' name='name']
          StringExp [pos='8:33' _typeDefinition='null' value='aname']
        ExpField [pos='8:36' name='id']
          IntegerExp [pos='8:39' _typeDefinition='null' value='0']
    VarDec [pos='9:6' _typeDefinition='null' _forVariable='null' _depth='0' _access='null' _escapes='false' name='arr' type='null']
      ArrayExp [pos='9:13' _typeDefinition='null' type='arrtype']
        IntegerExp [pos='9:22' _typeDefinition='null' value='3']
        IntegerExp [pos='9:28' _typeDefinition='null' value='0']
    SeqExp [pos='12:2' _typeDefinition='null']
      IfExp [pos='12:2' _typeDefinition='null']
        OpExp [pos='12:9' _typeDefinition='null' op='<>']
          SimpleVar [pos='12:5' _typeDefinition='null' _declaration='null' _depth='0' name='rec']
          SimpleVar [pos='12:12' _typeDefinition='null' _declaration='null' _depth='0' name='arr']
        IntegerExp [pos='12:21' _typeDefinition='null' value='3']
        IntegerExp [pos='12:28' _typeDefinition='null' value='4']
