  LetExp [pos='3:1' _typeDefinition='null']
    TypesDec [pos='5:3']
      TypeDec [pos='4:3' name='a']
        ArrayType [pos='4:12' _typeDefinition='null' type='int']
      TypeDec [pos='5:3' name='b']
        NameType [pos='5:12' _typeDefinition='null' type='a']
    VarDec [pos='7:7' _typeDefinition='null' _forVariable='null' _depth='0' _access='null' _escapes='false' name='arr1' type='a']
      ArrayExp [pos='7:17' _typeDefinition='null' type='b']
        IntegerExp [pos='7:20' _typeDefinition='null' value='10']
        IntegerExp [pos='7:27' _typeDefinition='null' value='0']
    SeqExp [pos='9:3' _typeDefinition='null']
      ArrayVar [pos='9:3' _typeDefinition='null']
        SimpleVar [pos='9:3' _typeDefinition='null' _declaration='null' _depth='0' name='arr1']
        IntegerExp [pos='9:8' _typeDefinition='null' value='2']
