  LetExp [pos='5:1' _typeDefinition='null']
    TypesDec [pos='6:2']
      TypeDec [pos='6:2' name='a']
        NameType [pos='6:11' _typeDefinition='null' type='int']
    VarDec [pos='7:6' _typeDefinition='null' _forVariable='null' _depth='0' _access='null' _escapes='false' name='b' type='null']
      IntegerExp [pos='7:11' _typeDefinition='null' value='4']
    TypesDec [pos='8:2']
      TypeDec [pos='8:2' name='a']
        NameType [pos='8:11' _typeDefinition='null' type='string']
    SeqExp [pos='10:2' _typeDefinition='null']
      IntegerExp [pos='10:2' _typeDefinition='null' value='0']
