  LetExp [pos='2:1' _typeDefinition='null']
    VarDec [pos='3:6' _typeDefinition='null' _forVariable='null' _depth='0' _access='null' _escapes='false' name='a' type='null']
      IntegerExp [pos='3:9' _typeDefinition='null' value='0']
    FuncsDec [pos='5:2']
      FuncDec [pos='5:2' _label='_L2g' _resultTypeDefinition='null' _depth='0' name='g' result='int']
        VarDec [pos='5:13' _typeDefinition='null' _forVariable='null' _depth='0' _access='null' _escapes='false' name='a' type='int']
        SimpleVar [pos='5:26' _typeDefinition='null' _declaration='null' _depth='0' name='a']
    SeqExp [pos='7:2' _typeDefinition='null']
      CallExp [pos='7:2' _typeDefinition='null' _declaration='null' _depth='0' func='g']
        IntegerExp [pos='7:4' _typeDefinition='null' value='2']
