  LetExp [pos='1:1' _typeDefinition='null']
    VarDec [pos='2:9' _typeDefinition='null' _forVariable='null' _depth='0' _access='null' _escapes='false' name='a' type='int']
      IntegerExp [pos='2:20' _typeDefinition='null' value='0']
    FuncsDec [pos='3:5']
      FuncDec [pos='3:5' _label='_L2foo' _resultTypeDefinition='null' _depth='0' name='foo' result='int']
        VarDec [pos='3:20' _typeDefinition='null' _forVariable='null' _depth='0' _access='null' _escapes='false' name='a' type='int']
        VarDec [pos='3:29' _typeDefinition='null' _forVariable='null' _depth='0' _access='null' _escapes='false' name='b' type='int']
        SeqExp [pos='0:0' _typeDefinition='null']
    SeqExp [pos='0:0' _typeDefinition='null']
