  FuncsDec [pos='0:0']
    FuncDec [pos='0:0' _label='t_main' _resultTypeDefinition='IntegerTy' _depth='0' name='t_main' result='int']
      SeqExp [pos='0:0' _typeDefinition='IntegerTy']
        LetExp [pos='1:5' _typeDefinition='VoidTy']
          TypesDec [pos='2:9']
            TypeDec [pos='2:9' name='rec1']
              RecordType [pos='2:21']
                Field [pos='2:23' _typeDefinition='IntegerTy' name='val' type='int']
          VarDec [pos='3:13' _typeDefinition='RecordTy 2:21' _forVariable='null' _depth='0' _access='null' _escapes='false' name='r1' type='rec1']
            RecordExp [pos='3:26' _typeDefinition='RecordTy 2:21' type='rec1']
              ExpField [pos='3:33' name='val']
                IntegerExp [pos='3:39' _typeDefinition='IntegerTy' value='42']
          VarDec [pos='4:13' _typeDefinition='RecordTy 2:21' _forVariable='null' _depth='0' _access='null' _escapes='false' name='r2' type='rec1']
            RecordExp [pos='4:26' _typeDefinition='RecordTy 2:21' type='rec1']
              ExpField [pos='4:33' name='val']
                IntegerExp [pos='4:39' _typeDefinition='IntegerTy' value='21']
          SeqExp [pos='6:12' _typeDefinition='VoidTy']
            AssignExp [pos='6:12' _typeDefinition='VoidTy']
              SimpleVar [pos='6:9' _typeDefinition='RecordTy 2:21' _declaration='jtiger.ast.VarDec 3:13' _depth='0' name='r1']
              SimpleVar [pos='6:15' _typeDefinition='RecordTy 2:21' _declaration='jtiger.ast.VarDec 4:13' _depth='0' name='r2']
        IntegerExp [pos='0:0' _typeDefinition='IntegerTy' value='0']
