  FuncsDec [pos='0:0']
    FuncDec [pos='0:0' _label='t_main' _resultTypeDefinition='IntegerTy' _depth='0' name='t_main' result='int']
      SeqExp [pos='0:0' _typeDefinition='IntegerTy']
        LetExp [pos='2:1' _typeDefinition='IntegerTy']
          TypesDec [pos='3:2']
            TypeDec [pos='3:2' name='a']
              NameType [pos='3:11' _typeDefinition='IntegerTy' type='int']
          SeqExp [pos='5:2' _typeDefinition='IntegerTy']
            LetExp [pos='5:2' _typeDefinition='IntegerTy']
              TypesDec [pos='6:3']
                TypeDec [pos='6:3' name='a']
                  NameType [pos='6:12' _typeDefinition='StringTy' type='string']
              SeqExp [pos='8:3' _typeDefinition='IntegerTy']
                IntegerExp [pos='8:3' _typeDefinition='IntegerTy' value='0']
        IntegerExp [pos='0:0' _typeDefinition='IntegerTy' value='0']
