  FuncsDec [pos='0:0']
    FuncDec [pos='0:0' _label='t_main' _resultTypeDefinition='IntegerTy' _depth='0' name='t_main' result='int']
      SeqExp [pos='0:0' _typeDefinition='IntegerTy']
        LetExp [pos='1:1' _typeDefinition='IntegerTy']
          VarDec [pos='2:9' _typeDefinition='IntegerTy' _forVariable='null' _depth='0' _access='null' _escapes='false' name='a' type='null']
            IntegerExp [pos='2:12' _typeDefinition='IntegerTy' value='0']
          VarDec [pos='3:9' _typeDefinition='IntegerTy' _forVariable='null' _depth='0' _access='null' _escapes='false' name='b' type='null']
            SimpleVar [pos='3:12' _typeDefinition='IntegerTy' _declaration='jtiger.ast.VarDec 2:9' _depth='0' name='a']
          SeqExp [pos='10:6' _typeDefinition='IntegerTy']
            LetExp [pos='5:5' _typeDefinition='IntegerTy']
              VarDec [pos='6:13' _typeDefinition='IntegerTy' _forVariable='null' _depth='0' _access='null' _escapes='false' name='a' type='null']
                SimpleVar [pos='6:17' _typeDefinition='IntegerTy' _declaration='jtiger.ast.VarDec 3:9' _depth='0' name='b']
              SeqExp [pos='8:9' _typeDefinition='IntegerTy']
                SimpleVar [pos='8:9' _typeDefinition='IntegerTy' _declaration='jtiger.ast.VarDec 6:13' _depth='0' name='a']
            OpExp [pos='10:6' _typeDefinition='IntegerTy' op='+']
              SimpleVar [pos='10:5' _typeDefinition='IntegerTy' _declaration='jtiger.ast.VarDec 2:9' _depth='0' name='a']
              SimpleVar [pos='10:7' _typeDefinition='IntegerTy' _declaration='jtiger.ast.VarDec 3:9' _depth='0' name='b']
        IntegerExp [pos='0:0' _typeDefinition='IntegerTy' value='0']
