  FuncsDec [pos='0:0']
    FuncDec [pos='0:0' _label='t_main' _resultTypeDefinition='IntegerTy' _depth='0' name='t_main' result='int']
      SeqExp [pos='0:0' _typeDefinition='IntegerTy']
        LetExp [pos='2:1' _typeDefinition='IntegerTy']
          VarDec [pos='3:6' _typeDefinition='IntegerTy' _forVariable='null' _depth='0' _access='null' _escapes='false' name='a' type='null']
            IntegerExp [pos='3:9' _typeDefinition='IntegerTy' value='0']
          FuncsDec [pos='5:2']
            FuncDec [pos='5:2' _label='_L2g' _resultTypeDefinition='IntegerTy' _depth='0' name='g' result='int']
              VarDec [pos='5:13' _typeDefinition='IntegerTy' _forVariable='null' _depth='0' _access='null' _escapes='false' name='a' type='int']
              SimpleVar [pos='5:26' _typeDefinition='IntegerTy' _declaration='jtiger.ast.VarDec 5:13' _depth='0' name='a']
          SeqExp [pos='7:2' _typeDefinition='IntegerTy']
            CallExp [pos='7:2' _typeDefinition='IntegerTy' _declaration='jtiger.ast.FuncDec 5:2' _depth='0' func='g']
              IntegerExp [pos='7:4' _typeDefinition='IntegerTy' value='2']
        IntegerExp [pos='0:0' _typeDefinition='IntegerTy' value='0']
