  FuncsDec [pos='0:0']
    FuncDec [pos='0:0' _label='t_main' _resultTypeDefinition='IntegerTy' _depth='0' name='t_main' result='int']
      SeqExp [pos='0:0' _typeDefinition='IntegerTy']
        IfExp [pos='2:1' _typeDefinition='IntegerTy']
          SeqExp [pos='2:8' _typeDefinition='IntegerTy']
            OpExp [pos='2:8' _typeDefinition='IntegerTy' op='>']
              IntegerExp [pos='2:5' _typeDefinition='IntegerTy' value='10']
              IntegerExp [pos='2:10' _typeDefinition='IntegerTy' value='20']
          IntegerExp [pos='2:19' _typeDefinition='IntegerTy' value='30']
          IntegerExp [pos='2:27' _typeDefinition='IntegerTy' value='40']
        IntegerExp [pos='0:0' _typeDefinition='IntegerTy' value='0']
