  FuncsDec [pos='0:0']
    FuncDec [pos='0:0' _label='t_main' _resultTypeDefinition='IntegerTy' _depth='0' name='t_main' result='int']
      SeqExp [pos='0:0' _typeDefinition='IntegerTy']
        LetExp [pos='2:1' _typeDefinition='RecordTy 4:16']
          TypesDec [pos='8:1']
            TypeDec [pos='4:1' name='intlist']
              RecordType [pos='4:16']
                Field [pos='4:17' _typeDefinition='IntegerTy' name='hd' type='int']
                Field [pos='4:26' _typeDefinition='RecordTy 4:16' name='tl' type='intlist']
            TypeDec [pos='7:1' name='tree']
              RecordType [pos='7:12']
                Field [pos='7:13' _typeDefinition='IntegerTy' name='key' type='int']
                Field [pos='7:23' _typeDefinition='RecordTy 8:17' name='children' type='treelist']
            TypeDec [pos='8:1' name='treelist']
              RecordType [pos='8:17']
                Field [pos='8:18' _typeDefinition='RecordTy 7:12' name='hd' type='tree']
                Field [pos='8:28' _typeDefinition='RecordTy 8:17' name='tl' type='treelist']
          VarDec [pos='10:5' _typeDefinition='RecordTy 4:16' _forVariable='null' _depth='0' _access='null' _escapes='false' name='lis' type='intlist']
            RecordExp [pos='10:20' _typeDefinition='RecordTy 4:16' type='intlist']
              ExpField [pos='10:30' name='hd']
                IntegerExp [pos='10:33' _typeDefinition='IntegerTy' value='0']
              ExpField [pos='10:36' name='tl']
                NilExp [pos='10:40' _typeDefinition='NilTy']
          SeqExp [pos='13:2' _typeDefinition='RecordTy 4:16']
            SimpleVar [pos='13:2' _typeDefinition='RecordTy 4:16' _declaration='jtiger.ast.VarDec 10:5' _depth='0' name='lis']
        IntegerExp [pos='0:0' _typeDefinition='IntegerTy' value='0']
