  FuncsDec [pos='0:0']
    FuncDec [pos='0:0' _label='t_main' _resultTypeDefinition='IntegerTy' _depth='0' name='t_main' result='int']
      SeqExp [pos='0:0' _typeDefinition='IntegerTy']
        LetExp [pos='3:1' _typeDefinition='VoidTy']
          VarDec [pos='4:6' _typeDefinition='IntegerTy' _forVariable='null' _depth='0' _access='null' _escapes='false' name='a' type='null']
            IntegerExp [pos='4:10' _typeDefinition='IntegerTy' value='0']
          SeqExp [pos='6:2' _typeDefinition='VoidTy']
            ForExp [pos='6:2' _typeDefinition='VoidTy']
              IntegerExp [pos='6:14' _typeDefinition='IntegerTy' value='100']
              VarDec [pos='6:6' _typeDefinition='IntegerTy' _forVariable='jtiger.ast.ForExp 6:2' _depth='0' _access='null' _escapes='false' name='i' type='null']
                IntegerExp [pos='6:9' _typeDefinition='IntegerTy' value='0']
              SeqExp [pos='0:0' _typeDefinition='VoidTy']
                AssignExp [pos='6:23' _typeDefinition='VoidTy']
                  SimpleVar [pos='6:22' _typeDefinition='IntegerTy' _declaration='jtiger.ast.VarDec 4:6' _depth='0' name='a']
                  OpExp [pos='6:26' _typeDefinition='IntegerTy' op='+']
                    SimpleVar [pos='6:25' _typeDefinition='IntegerTy' _declaration='jtiger.ast.VarDec 4:6' _depth='0' name='a']
                    IntegerExp [pos='6:27' _typeDefinition='IntegerTy' value='1']
                SeqExp [pos='0:0' _typeDefinition='VoidTy']
        IntegerExp [pos='0:0' _typeDefinition='IntegerTy' value='0']
