  FuncsDec [pos='0:0']
    FuncDec [pos='0:0' _label='t_main' _resultTypeDefinition='IntegerTy' _depth='0' name='t_main' result='int']
      SeqExp [pos='0:0' _typeDefinition='IntegerTy']
        LetExp [pos='2:1' _typeDefinition='ArrayTy 3:18']
          TypesDec [pos='3:2']
            TypeDec [pos='3:2' name='arrtype']
              ArrayType [pos='3:18' _typeDefinition='IntegerTy' type='int']
          VarDec [pos='4:6' _typeDefinition='ArrayTy 3:18' _forVariable='null' _depth='0' _access='null' _escapes='false' name='arr1' type='arrtype']
            ArrayExp [pos='4:22' _typeDefinition='ArrayTy 3:18' type='arrtype']
              IntegerExp [pos='4:31' _typeDefinition='IntegerTy' value='10']
              IntegerExp [pos='4:38' _typeDefinition='IntegerTy' value='0']
          SeqExp [pos='6:2' _typeDefinition='ArrayTy 3:18']
            SimpleVar [pos='6:2' _typeDefinition='ArrayTy 3:18' _declaration='jtiger.ast.VarDec 4:6' _depth='0' name='arr1']
        IntegerExp [pos='0:0' _typeDefinition='IntegerTy' value='0']
