  FuncsDec [pos='0:0']
    FuncDec [pos='0:0' _label='t_main' _resultTypeDefinition='IntegerTy' _depth='0' name='t_main' result='int']
      SeqExp [pos='0:0' _typeDefinition='IntegerTy']
        LetExp [pos='1:5' _typeDefinition='VoidTy']
          TypesDec [pos='3:9']
            TypeDec [pos='2:9' name='int1']
              NameType [pos='2:21' _typeDefinition='IntegerTy' type='int']
            TypeDec [pos='3:9' name='int2']
              NameType [pos='3:21' _typeDefinition='NameType (IntegerTy)' type='int1']
          VarDec [pos='4:13' _typeDefinition='IntegerTy' _forVariable='null' _depth='0' _access='null' _escapes='false' name='i1' type='int']
            IntegerExp [pos='4:25' _typeDefinition='IntegerTy' value='21']
          VarDec [pos='5:13' _typeDefinition='NameType (IntegerTy)' _forVariable='null' _depth='0' _access='null' _escapes='false' name='i2' type='int2']
            IntegerExp [pos='5:26' _typeDefinition='IntegerTy' value='42']
          SeqExp [pos='7:12' _typeDefinition='VoidTy']
            AssignExp [pos='7:12' _typeDefinition='VoidTy']
              SimpleVar [pos='7:9' _typeDefinition='IntegerTy' _declaration='jtiger.ast.VarDec 4:13' _depth='0' name='i1']
              SimpleVar [pos='7:15' _typeDefinition='NameType (IntegerTy)' _declaration='jtiger.ast.VarDec 5:13' _depth='0' name='i2']
        IntegerExp [pos='0:0' _typeDefinition='IntegerTy' value='0']
