  FuncsDec [pos='0:0']
    FuncDec [pos='0:0' _label='t_main' _resultTypeDefinition='IntegerTy' _depth='0' name='t_main' result='int']
      SeqExp [pos='0:0' _typeDefinition='IntegerTy']
        LetExp [pos='2:1' _typeDefinition='ArrayTy 4:18']
          TypesDec [pos='4:2']
            TypeDec [pos='3:2' name='myint']
              NameType [pos='3:15' _typeDefinition='IntegerTy' type='int']
            TypeDec [pos='4:2' name='arrtype']
              ArrayType [pos='4:18' _typeDefinition='NameType (IntegerTy)' type='myint']
          VarDec [pos='6:6' _typeDefinition='ArrayTy 4:18' _forVariable='null' _depth='0' _access='null' _escapes='false' name='arr1' type='arrtype']
            ArrayExp [pos='6:22' _typeDefinition='ArrayTy 4:18' type='arrtype']
              IntegerExp [pos='6:31' _typeDefinition='IntegerTy' value='10']
              IntegerExp [pos='6:38' _typeDefinition='IntegerTy' value='0']
          SeqExp [pos='8:2' _typeDefinition='ArrayTy 4:18']
            SimpleVar [pos='8:2' _typeDefinition='ArrayTy 4:18' _declaration='jtiger.ast.VarDec 6:6' _depth='0' name='arr1']
        IntegerExp [pos='0:0' _typeDefinition='IntegerTy' value='0']
