  FuncsDec [pos='0:0']
    FuncDec [pos='0:0' _label='t_main' _resultTypeDefinition='IntegerTy' _depth='0' name='t_main' result='int']
      SeqExp [pos='0:0' _typeDefinition='IntegerTy']
        LetExp [pos='2:1' _typeDefinition='IntegerTy']
          FuncsDec [pos='5:1']
            FuncDec [pos='5:1' _label='_L2nfactor' _resultTypeDefinition='IntegerTy' _depth='0' name='nfactor' result='int']
              VarDec [pos='5:18' _typeDefinition='IntegerTy' _forVariable='null' _depth='0' _access='null' _escapes='false' name='n' type='int']
              IfExp [pos='6:3' _typeDefinition='IntegerTy']
                OpExp [pos='6:9' _typeDefinition='IntegerTy' op='=']
                  SimpleVar [pos='6:7' _typeDefinition='IntegerTy' _declaration='jtiger.ast.VarDec 5:18' _depth='0' name='n']
                  IntegerExp [pos='6:11' _typeDefinition='IntegerTy' value='0']
                IntegerExp [pos='7:9' _typeDefinition='IntegerTy' value='1']
                OpExp [pos='8:11' _typeDefinition='IntegerTy' op='*']
                  SimpleVar [pos='8:9' _typeDefinition='IntegerTy' _declaration='jtiger.ast.VarDec 5:18' _depth='0' name='n']
                  CallExp [pos='8:13' _typeDefinition='IntegerTy' _declaration='jtiger.ast.FuncDec 5:1' _depth='0' func='nfactor']
                    OpExp [pos='8:22' _typeDefinition='IntegerTy' op='-']
                      SimpleVar [pos='8:21' _typeDefinition='IntegerTy' _declaration='jtiger.ast.VarDec 5:18' _depth='0' name='n']
                      IntegerExp [pos='8:23' _typeDefinition='IntegerTy' value='1']
          SeqExp [pos='11:2' _typeDefinition='IntegerTy']
            CallExp [pos='11:2' _typeDefinition='IntegerTy' _declaration='jtiger.ast.FuncDec 5:1' _depth='0' func='nfactor']
              IntegerExp [pos='11:10' _typeDefinition='IntegerTy' value='10']
        IntegerExp [pos='0:0' _typeDefinition='IntegerTy' value='0']
