  FuncsDec [pos='0:0']
    FuncDec [pos='0:0' _label='t_main' _resultTypeDefinition='IntegerTy' _depth='0' name='t_main' result='int']
      SeqExp [pos='0:0' _typeDefinition='IntegerTy']
        LetExp [pos='3:1' _typeDefinition='IntegerTy']
          TypesDec [pos='5:3']
            TypeDec [pos='4:3' name='a']
              ArrayType [pos='4:12' _typeDefinition='IntegerTy' type='int']
            TypeDec [pos='5:3' name='b']
              NameType [pos='5:12' _typeDefinition='ArrayTy 4:12' type='a']
          VarDec [pos='7:7' _typeDefinition='ArrayTy 4:12' _forVariable='null' _depth='0' _access='null' _escapes='false' name='arr1' type='a']
            ArrayExp [pos='7:17' _typeDefinition='ArrayTy 4:12' type='b']
              IntegerExp [pos='7:20' _typeDefinition='IntegerTy' value='10']
              IntegerExp [pos='7:27' _typeDefinition='IntegerTy' value='0']
          SeqExp [pos='9:3' _typeDefinition='IntegerTy']
            ArrayVar [pos='9:3' _typeDefinition='IntegerTy']
              SimpleVar [pos='9:3' _typeDefinition='ArrayTy 4:12' _declaration='jtiger.ast.VarDec 7:7' _depth='0' name='arr1']
              IntegerExp [pos='9:8' _typeDefinition='IntegerTy' value='2']
        IntegerExp [pos='0:0' _typeDefinition='IntegerTy' value='0']
