  FuncsDec [pos='0:0']
    FuncDec [pos='0:0' _label='t_main' _resultTypeDefinition='IntegerTy' _depth='0' name='t_main' result='int']
      SeqExp [pos='0:0' _typeDefinition='IntegerTy']
        LetExp [pos='3:1' _typeDefinition='VoidTy']
          VarDec [pos='4:9' _typeDefinition='IntegerTy' _forVariable='null' _depth='0' _access='null' _escapes='false' name='N' type='null']
            IntegerExp [pos='4:14' _typeDefinition='IntegerTy' value='8']
          TypesDec [pos='6:5']
            TypeDec [pos='6:5' name='intArray']
              ArrayType [pos='6:21' _typeDefinition='IntegerTy' type='int']
          VarDec [pos='8:9' _typeDefinition='ArrayTy 6:21' _forVariable='null' _depth='0' _access='null' _escapes='false' name='row' type='null']
            ArrayExp [pos='8:16' _typeDefinition='ArrayTy 6:21' type='intArray']
              SimpleVar [pos='8:27' _typeDefinition='IntegerTy' _declaration='jtiger.ast.VarDec 4:9' _depth='0' name='N']
              IntegerExp [pos='8:34' _typeDefinition='IntegerTy' value='0']
          VarDec [pos='9:9' _typeDefinition='ArrayTy 6:21' _forVariable='null' _depth='0' _access='null' _escapes='false' name='col' type='null']
            ArrayExp [pos='9:16' _typeDefinition='ArrayTy 6:21' type='intArray']
              SimpleVar [pos='9:27' _typeDefinition='IntegerTy' _declaration='jtiger.ast.VarDec 4:9' _depth='0' name='N']
              IntegerExp [pos='9:34' _typeDefinition='IntegerTy' value='0']
          VarDec [pos='10:9' _typeDefinition='ArrayTy 6:21' _forVariable='null' _depth='0' _access='null' _escapes='false' name='diag1' type='null']
            ArrayExp [pos='10:18' _typeDefinition='ArrayTy 6:21' type='intArray']
              OpExp [pos='10:31' _typeDefinition='IntegerTy' op='-']
                OpExp [pos='10:29' _typeDefinition='IntegerTy' op='+']
                  SimpleVar [pos='10:28' _typeDefinition='IntegerTy' _declaration='jtiger.ast.VarDec 4:9' _depth='0' name='N']
                  SimpleVar [pos='10:30' _typeDefinition='IntegerTy' _declaration='jtiger.ast.VarDec 4:9' _depth='0' name='N']
                IntegerExp [pos='10:32' _typeDefinition='IntegerTy' value='1']
              IntegerExp [pos='10:38' _typeDefinition='IntegerTy' value='0']
          VarDec [pos='11:9' _typeDefinition='ArrayTy 6:21' _forVariable='null' _depth='0' _access='null' _escapes='false' name='diag2' type='null']
            ArrayExp [pos='11:18' _typeDefinition='ArrayTy 6:21' type='intArray']
              OpExp [pos='11:31' _typeDefinition='IntegerTy' op='-']
                OpExp [pos='11:29' _typeDefinition='IntegerTy' op='+']
                  SimpleVar [pos='11:28' _typeDefinition='IntegerTy' _declaration='jtiger.ast.VarDec 4:9' _depth='0' name='N']
                  SimpleVar [pos='11:30' _typeDefinition='IntegerTy' _declaration='jtiger.ast.VarDec 4:9' _depth='0' name='N']
                IntegerExp [pos='11:32' _typeDefinition='IntegerTy' value='1']
              IntegerExp [pos='11:38' _typeDefinition='IntegerTy' value='0']
          FuncsDec [pos='20:5']
            FuncDec [pos='13:5' _label='_L2printboard' _resultTypeDefinition='VoidTy' _depth='0' name='printboard' result='null']
              SeqExp [pos='18:10' _typeDefinition='VoidTy']
                ForExp [pos='14:9' _typeDefinition='VoidTy']
                  OpExp [pos='14:24' _typeDefinition='IntegerTy' op='-']
                    SimpleVar [pos='14:23' _typeDefinition='IntegerTy' _declaration='jtiger.ast.VarDec 4:9' _depth='0' name='N']
                    IntegerExp [pos='14:25' _typeDefinition='IntegerTy' value='1']
                  VarDec [pos='14:13' _typeDefinition='IntegerTy' _forVariable='jtiger.ast.ForExp 14:9' _depth='0' _access='null' _escapes='false' name='i' type='null']
                    IntegerExp [pos='14:18' _typeDefinition='IntegerTy' value='0']
                  SeqExp [pos='17:7' _typeDefinition='VoidTy']
                    ForExp [pos='15:7' _typeDefinition='VoidTy']
                      OpExp [pos='15:22' _typeDefinition='IntegerTy' op='-']
                        SimpleVar [pos='15:21' _typeDefinition='IntegerTy' _declaration='jtiger.ast.VarDec 4:9' _depth='0' name='N']
                        IntegerExp [pos='15:23' _typeDefinition='IntegerTy' value='1']
                      VarDec [pos='15:11' _typeDefinition='IntegerTy' _forVariable='jtiger.ast.ForExp 15:7' _depth='0' _access='null' _escapes='false' name='j' type='null']
                        IntegerExp [pos='15:16' _typeDefinition='IntegerTy' value='0']
                      CallExp [pos='16:11' _typeDefinition='VoidTy' _declaration='jtiger.types.Primitive 0:0' _depth='0' func='print']
                        IfExp [pos='16:17' _typeDefinition='StringTy']
                          OpExp [pos='16:26' _typeDefinition='IntegerTy' op='=']
                            ArrayVar [pos='16:20' _typeDefinition='IntegerTy']
                              SimpleVar [pos='16:20' _typeDefinition='ArrayTy 6:21' _declaration='jtiger.ast.VarDec 9:9' _depth='0' name='col']
                              SimpleVar [pos='16:24' _typeDefinition='IntegerTy' _declaration='jtiger.ast.VarDec 14:13' _depth='0' name='i']
                            SimpleVar [pos='16:27' _typeDefinition='IntegerTy' _declaration='jtiger.ast.VarDec 15:11' _depth='0' name='j']
                          StringExp [pos='16:37' _typeDefinition='StringTy' value=' O']
                          StringExp [pos='16:47' _typeDefinition='StringTy' value=' .']
                    CallExp [pos='17:7' _typeDefinition='VoidTy' _declaration='jtiger.types.Primitive 0:0' _depth='0' func='print']
                      StringExp [pos='17:16' _typeDefinition='StringTy' value='\n']
                CallExp [pos='18:10' _typeDefinition='VoidTy' _declaration='jtiger.types.Primitive 0:0' _depth='0' func='print']
                  StringExp [pos='18:19' _typeDefinition='StringTy' value='\n']
            FuncDec [pos='20:5' _label='_L4try' _resultTypeDefinition='VoidTy' _depth='0' name='try' result='null']
              VarDec [pos='20:18' _typeDefinition='IntegerTy' _forVariable='null' _depth='0' _access='null' _escapes='false' name='c' type='int']
              SeqExp [pos='22:6' _typeDefinition='VoidTy']
                IfExp [pos='22:6' _typeDefinition='VoidTy']
                  OpExp [pos='22:10' _typeDefinition='IntegerTy' op='=']
                    SimpleVar [pos='22:9' _typeDefinition='IntegerTy' _declaration='jtiger.ast.VarDec 20:18' _depth='0' name='c']
                    SimpleVar [pos='22:11' _typeDefinition='IntegerTy' _declaration='jtiger.ast.VarDec 4:9' _depth='0' name='N']
                  CallExp [pos='23:11' _typeDefinition='VoidTy' _declaration='jtiger.ast.FuncDec 13:5' _depth='0' func='printboard']
                  ForExp [pos='24:11' _typeDefinition='VoidTy']
                    OpExp [pos='24:26' _typeDefinition='IntegerTy' op='-']
                      SimpleVar [pos='24:25' _typeDefinition='IntegerTy' _declaration='jtiger.ast.VarDec 4:9' _depth='0' name='N']
                      IntegerExp [pos='24:27' _typeDefinition='IntegerTy' value='1']
                    VarDec [pos='24:15' _typeDefinition='IntegerTy' _forVariable='jtiger.ast.ForExp 24:11' _depth='0' _access='null' _escapes='false' name='r' type='null']
                      IntegerExp [pos='24:20' _typeDefinition='IntegerTy' value='0']
                    IfExp [pos='25:8' _typeDefinition='VoidTy']
                      IfExp [pos='25:35' _typeDefinition='IntegerTy']
                        IfExp [pos='25:20' _typeDefinition='IntegerTy']
                          OpExp [pos='25:17' _typeDefinition='IntegerTy' op='=']
                            ArrayVar [pos='25:11' _typeDefinition='IntegerTy']
                              SimpleVar [pos='25:11' _typeDefinition='ArrayTy 6:21' _declaration='jtiger.ast.VarDec 8:9' _depth='0' name='row']
                              SimpleVar [pos='25:15' _typeDefinition='IntegerTy' _declaration='jtiger.ast.VarDec 24:15' _depth='0' name='r']
                            IntegerExp [pos='25:18' _typeDefinition='IntegerTy' value='0']
                          OpExp [pos='25:32' _typeDefinition='IntegerTy' op='=']
                            ArrayVar [pos='25:22' _typeDefinition='IntegerTy']
                              SimpleVar [pos='25:22' _typeDefinition='ArrayTy 6:21' _declaration='jtiger.ast.VarDec 10:9' _depth='0' name='diag1']
                              OpExp [pos='25:29' _typeDefinition='IntegerTy' op='+']
                                SimpleVar [pos='25:28' _typeDefinition='IntegerTy' _declaration='jtiger.ast.VarDec 24:15' _depth='0' name='r']
                                SimpleVar [pos='25:30' _typeDefinition='IntegerTy' _declaration='jtiger.ast.VarDec 20:18' _depth='0' name='c']
                            IntegerExp [pos='25:33' _typeDefinition='IntegerTy' value='0']
                          IntegerExp [pos='25:20' _typeDefinition='IntegerTy' value='0']
                        OpExp [pos='25:49' _typeDefinition='IntegerTy' op='=']
                          ArrayVar [pos='25:37' _typeDefinition='IntegerTy']
                            SimpleVar [pos='25:37' _typeDefinition='ArrayTy 6:21' _declaration='jtiger.ast.VarDec 11:9' _depth='0' name='diag2']
                            OpExp [pos='25:46' _typeDefinition='IntegerTy' op='-']
                              OpExp [pos='25:44' _typeDefinition='IntegerTy' op='+']
                                SimpleVar [pos='25:43' _typeDefinition='IntegerTy' _declaration='jtiger.ast.VarDec 24:15' _depth='0' name='r']
                                IntegerExp [pos='25:45' _typeDefinition='IntegerTy' value='7']
                              SimpleVar [pos='25:47' _typeDefinition='IntegerTy' _declaration='jtiger.ast.VarDec 20:18' _depth='0' name='c']
                          IntegerExp [pos='25:50' _typeDefinition='IntegerTy' value='0']
                        IntegerExp [pos='25:35' _typeDefinition='IntegerTy' value='0']
                      SeqExp [pos='29:43' _typeDefinition='VoidTy']
                        AssignExp [pos='26:25' _typeDefinition='VoidTy']
                          ArrayVar [pos='26:19' _typeDefinition='IntegerTy']
                            SimpleVar [pos='26:19' _typeDefinition='ArrayTy 6:21' _declaration='jtiger.ast.VarDec 8:9' _depth='0' name='row']
                            SimpleVar [pos='26:23' _typeDefinition='IntegerTy' _declaration='jtiger.ast.VarDec 24:15' _depth='0' name='r']
                          IntegerExp [pos='26:27' _typeDefinition='IntegerTy' value='1']
                        AssignExp [pos='26:40' _typeDefinition='VoidTy']
                          ArrayVar [pos='26:30' _typeDefinition='IntegerTy']
                            SimpleVar [pos='26:30' _typeDefinition='ArrayTy 6:21' _declaration='jtiger.ast.VarDec 10:9' _depth='0' name='diag1']
                            OpExp [pos='26:37' _typeDefinition='IntegerTy' op='+']
                              SimpleVar [pos='26:36' _typeDefinition='IntegerTy' _declaration='jtiger.ast.VarDec 24:15' _depth='0' name='r']
                              SimpleVar [pos='26:38' _typeDefinition='IntegerTy' _declaration='jtiger.ast.VarDec 20:18' _depth='0' name='c']
                          IntegerExp [pos='26:42' _typeDefinition='IntegerTy' value='1']
                        AssignExp [pos='26:57' _typeDefinition='VoidTy']
                          ArrayVar [pos='26:45' _typeDefinition='IntegerTy']
                            SimpleVar [pos='26:45' _typeDefinition='ArrayTy 6:21' _declaration='jtiger.ast.VarDec 11:9' _depth='0' name='diag2']
                            OpExp [pos='26:54' _typeDefinition='IntegerTy' op='-']
                              OpExp [pos='26:52' _typeDefinition='IntegerTy' op='+']
                                SimpleVar [pos='26:51' _typeDefinition='IntegerTy' _declaration='jtiger.ast.VarDec 24:15' _depth='0' name='r']
                                IntegerExp [pos='26:53' _typeDefinition='IntegerTy' value='7']
                              SimpleVar [pos='26:55' _typeDefinition='IntegerTy' _declaration='jtiger.ast.VarDec 20:18' _depth='0' name='c']
                          IntegerExp [pos='26:59' _typeDefinition='IntegerTy' value='1']
                        AssignExp [pos='27:18' _typeDefinition='VoidTy']
                          ArrayVar [pos='27:12' _typeDefinition='IntegerTy']
                            SimpleVar [pos='27:12' _typeDefinition='ArrayTy 6:21' _declaration='jtiger.ast.VarDec 9:9' _depth='0' name='col']
                            SimpleVar [pos='27:16' _typeDefinition='IntegerTy' _declaration='jtiger.ast.VarDec 20:18' _depth='0' name='c']
                          SimpleVar [pos='27:20' _typeDefinition='IntegerTy' _declaration='jtiger.ast.VarDec 24:15' _depth='0' name='r']
                        CallExp [pos='28:19' _typeDefinition='VoidTy' _declaration='jtiger.ast.FuncDec 20:5' _depth='0' func='try']
                          OpExp [pos='28:24' _typeDefinition='IntegerTy' op='+']
                            SimpleVar [pos='28:23' _typeDefinition='IntegerTy' _declaration='jtiger.ast.VarDec 20:18' _depth='0' name='c']
                            IntegerExp [pos='28:25' _typeDefinition='IntegerTy' value='1']
                        AssignExp [pos='29:11' _typeDefinition='VoidTy']
                          ArrayVar [pos='29:5' _typeDefinition='IntegerTy']
                            SimpleVar [pos='29:5' _typeDefinition='ArrayTy 6:21' _declaration='jtiger.ast.VarDec 8:9' _depth='0' name='row']
                            SimpleVar [pos='29:9' _typeDefinition='IntegerTy' _declaration='jtiger.ast.VarDec 24:15' _depth='0' name='r']
                          IntegerExp [pos='29:13' _typeDefinition='IntegerTy' value='0']
                        AssignExp [pos='29:26' _typeDefinition='VoidTy']
                          ArrayVar [pos='29:16' _typeDefinition='IntegerTy']
                            SimpleVar [pos='29:16' _typeDefinition='ArrayTy 6:21' _declaration='jtiger.ast.VarDec 10:9' _depth='0' name='diag1']
                            OpExp [pos='29:23' _typeDefinition='IntegerTy' op='+']
                              SimpleVar [pos='29:22' _typeDefinition='IntegerTy' _declaration='jtiger.ast.VarDec 24:15' _depth='0' name='r']
                              SimpleVar [pos='29:24' _typeDefinition='IntegerTy' _declaration='jtiger.ast.VarDec 20:18' _depth='0' name='c']
                          IntegerExp [pos='29:28' _typeDefinition='IntegerTy' value='0']
                        AssignExp [pos='29:43' _typeDefinition='VoidTy']
                          ArrayVar [pos='29:31' _typeDefinition='IntegerTy']
                            SimpleVar [pos='29:31' _typeDefinition='ArrayTy 6:21' _declaration='jtiger.ast.VarDec 11:9' _depth='0' name='diag2']
                            OpExp [pos='29:40' _typeDefinition='IntegerTy' op='-']
                              OpExp [pos='29:38' _typeDefinition='IntegerTy' op='+']
                                SimpleVar [pos='29:37' _typeDefinition='IntegerTy' _declaration='jtiger.ast.VarDec 24:15' _depth='0' name='r']
                                IntegerExp [pos='29:39' _typeDefinition='IntegerTy' value='7']
                              SimpleVar [pos='29:41' _typeDefinition='IntegerTy' _declaration='jtiger.ast.VarDec 20:18' _depth='0' name='c']
                          IntegerExp [pos='29:45' _typeDefinition='IntegerTy' value='0']
          SeqExp [pos='32:5' _typeDefinition='VoidTy']
            CallExp [pos='32:5' _typeDefinition='VoidTy' _declaration='jtiger.ast.FuncDec 20:5' _depth='0' func='try']
              IntegerExp [pos='32:9' _typeDefinition='IntegerTy' value='0']
        IntegerExp [pos='0:0' _typeDefinition='IntegerTy' value='0']
