  FuncsDec [pos='0:0']
    FuncDec [pos='0:0' _label='t_main' _resultTypeDefinition='IntegerTy' _depth='0' name='t_main' result='int']
      SeqExp [pos='0:0' _typeDefinition='IntegerTy']
        LetExp [pos='1:1' _typeDefinition='StringTy']
          VarDec [pos='2:9' _typeDefinition='StringTy' _forVariable='null' _depth='0' _access='null' _escapes='false' name='a' type='null']
            StringExp [pos='2:20' _typeDefinition='StringTy' value='string']
          SeqExp [pos='4:5' _typeDefinition='StringTy']
            SimpleVar [pos='4:5' _typeDefinition='StringTy' _declaration='jtiger.ast.VarDec 2:9' _depth='0' name='a']
        IntegerExp [pos='0:0' _typeDefinition='IntegerTy' value='0']
