  FuncsDec [pos='0:0']
    FuncDec [pos='0:0' _label='t_main' _resultTypeDefinition='IntegerTy' _depth='0' name='t_main' result='int']
      SeqExp [pos='0:0' _typeDefinition='IntegerTy']
        LetExp [pos='2:1' _typeDefinition='VoidTy']
          TypesDec [pos='4:2']
            TypeDec [pos='4:2' name='rectype']
              RecordType [pos='4:17']
                Field [pos='4:18' _typeDefinition='StringTy' name='name' type='string']
                Field [pos='4:31' _typeDefinition='IntegerTy' name='id' type='int']
          VarDec [pos='5:6' _typeDefinition='RecordTy 4:17' _forVariable='null' _depth='0' _access='null' _escapes='false' name='b' type='rectype']
            NilExp [pos='5:19' _typeDefinition='NilTy']
          SeqExp [pos='9:4' _typeDefinition='VoidTy']
            AssignExp [pos='9:4' _typeDefinition='VoidTy']
              SimpleVar [pos='9:2' _typeDefinition='RecordTy 4:17' _declaration='jtiger.ast.VarDec 5:6' _depth='0' name='b']
              NilExp [pos='9:7' _typeDefinition='NilTy']
        IntegerExp [pos='0:0' _typeDefinition='IntegerTy' value='0']
